// Jest Snapshot v1, https://goo.gl/fbAQLP

exports[`container tests test container snapshot 1`] = `
<View
  style={
    Array [
      Object {
        "backgroundColor": "rgba(255, 255, 255, 1)",
        "display": "flex",
        "flex": 1,
        "flexDirection": "column",
        "padding": 20,
        "width": "100%",
      },
      Object {},
    ]
  }
>
  test
</View>
`;
